[www.qualtrics.com/uk/experience-management/research/determine-sample-size/index.html]
[backblue.gif]
[fade.gif]
[index.html]
[www.qualtrics.com/apple-touch-icon.png]
[www.qualtrics.com/favicon-32x323860.png]
[www.qualtrics.com/favicon-16x163860.png]
[www.qualtrics.com/favicon3860.png]
[www.qualtrics.com/assets/dist/css/font.css]
[www.qualtrics.com/assets/dist/css/globalaca5.css]
[www.qualtrics.com/hreflang-routing/managed/definitions.js]
[www.qualtrics.com/assets/dist/js/modules/internal-library7efa.js]
[www.qualtrics.com/wp-content/themes/qualtrics/components/language-routing/q-language-routing7b30.js]
[www.qualtrics.com/wp-content/themes/qualtrics/components/language-routing/q-language-routing30f4.css]
[www.qualtrics.com/uk/experience-management/research/determine-sample-size/urlsearchparams.js]
[www.qualtrics.com/uk/experience-management/research/determine-sample-size/promise.js]
[www.qualtrics.com/uk/experience-management/research/determine-sample-size/customevent.js]
[www.qualtrics.com/uk/experience-management/research/determine-sample-size/polyfill.min.js]
[www.qualtrics.com/uk/experience-management/research/determine-sample-size/svg4everybody.js]
[www.qualtrics.com/uk/experience-management/research/determine-sample-size/closest.js]
[www.qualtrics.com/assets/dist/js/libraries/jquery-3.6.0.min.js]
[www.qualtrics.com/assets/dist/js/modules/styles259b.js]
[www.qualtrics.com/assets/dist/css/main-nav23b1.css]
[www.qualtrics.com/assets/dist/js/modules/main-nav_v11b3b.js]
[www.qualtrics.com/m/assets/uk/wp-content/uploads/2020/05/sample-size.jpg]
[www.qualtrics.com/m/assets/wp-content/uploads/2020/04/Sample-size-formula-graphic-1.png]
[www.qualtrics.com/m/assets/uk/wp-content/uploads/2021/10/np-sampling-300x300.jpg]
[www.qualtrics.com/m/assets/uk/wp-content/uploads/2021/09/sq-walking-300x300.jpg]
[www.qualtrics.com/m/assets/uk/wp-content/uploads/2021/09/srs-300x300.jpg]
[www.qualtrics.com/m/assets/uk/wp-content/uploads/2021/08/simple-random-sampling-300x300.jpg]
[www.qualtrics.com/m/assets/uk/wp-content/uploads/2021/02/sampling-methods-300x300.jpg]
[www.qualtrics.com/m/assets/uk/wp-content/uploads/2020/09/sampling-errors-300x300.jpg]
[www.qualtrics.com/assets/dist/js/pages/content-hub-content.js]
[www.qualtrics.com/assets/dist/js/libraries/swiper.min.js]
[www.qualtrics.com/assets/dist/js/modules/xm-hub.js]
[success.qualtrics.com/js/forms2/js/forms2.min.js]
[www.qualtrics.com/assets/dist/js/libraries/teknkl-simpledto-1.0.4.js]
[www.qualtrics.com/assets/dist/js/modules/marketo76ae.js]
[success.qualtrics.com/js/forms2/css/forms2.css]
[success.qualtrics.com/js/forms2/css/forms2-theme-plain.css]
[www.qualtrics.com/assets/dist/js/libraries/popper.min.js]
[www.qualtrics.com/assets/dist/js/libraries/bootstrap.js]
[www.qualtrics.com/assets/dist/js/libraries/vimeo-player.js]
[www.qualtrics.com/assets/dist/js/modules/footer1896.js]
[www.qualtrics.com/assets/dist/js/libraries/focus-within.min.js]
[cdn.jsdelivr.net/npm/intersection-observer@0.7.0/intersection-observer.js]
[cdn.jsdelivr.net/npm/vanilla-lazyload@17.3.1/dist/lazyload.min.js]
[www.qualtrics.com/assets/dist/js/modules/old-browser-detect.js]
[www.qualtrics.com/uk/wp-content/themes/qualtrics/js/navigation11a8.js]
[www.qualtrics.com/uk/experience-management/research/determine-sample-size/index.html]
[www.qualtrics.com/assets/dist/css/font.css]
[www.qualtrics.com/assets/dist/css/globalaca5.css]
[www.qualtrics.com/wp-content/themes/qualtrics/components/language-routing/q-language-routing30f4.css]
[www.qualtrics.com/uk/experience-management/research/determine-sample-size/urlsearchparams.html]
[www.qualtrics.com/uk/experience-management/research/determine-sample-size/promise.html]
[www.qualtrics.com/uk/experience-management/research/determine-sample-size/customevent.html]
[www.qualtrics.com/uk/experience-management/research/determine-sample-size/polyfill.min.html]
[www.qualtrics.com/uk/experience-management/research/determine-sample-size/svg4everybody.html]
[www.qualtrics.com/uk/experience-management/research/determine-sample-size/closest.html]
[sgtm.qualtrics.com/gtm5445.html]
[www.qualtrics.com/assets/dist/css/main-nav23b1.css]
[www.qualtrics.com/uk/experience-management/research/determine-sample-size/jquery.build.js]
[www.qualtrics.com/uk/experience-management/research/determine-sample-size/jquery.js]
[www.qualtrics.com/uk/experience-management/research/determine-sample-size/comparators.js]
[www.qualtrics.com/uk/experience-management/research/determine-sample-size/fields/fieldhelpers.js]
[www.qualtrics.com/uk/experience-management/research/jquery.js]
[www.qualtrics.com/uk/experience-management/research/determine-sample-size/fieldhelpers.js]
[www.qualtrics.com/uk/experience-management/research/determine-sample-size/measure.js]
[www.qualtrics.com/uk/experience-management/research/determine-sample-size/yepnope.js]
[www.qualtrics.com/uk/experience-management/research/determine-sample-size/modernizr.js]
[success.qualtrics.com/js/forms2/js/forms2.min.js]
[success.qualtrics.com/js/forms2/images/callout-arrow-up-red.png]
[success.qualtrics.com/js/forms2/images/callout-arrow-down-green.png]
[success.qualtrics.com/js/forms2/css/forms2.css]
[success.qualtrics.com/js/forms2/css/forms2-theme-plain.css]
[www.qualtrics.com/uk/wp-content/themes/qualtrics/js/navigation11a8.html]
[www.qualtrics.com/uk/experience-management/research/determine-sample-size/jquery.build.html]
[www.qualtrics.com/uk/experience-management/research/determine-sample-size/jquery.html]
[www.qualtrics.com/uk/experience-management/research/determine-sample-size/comparators.html]
[www.qualtrics.com/uk/experience-management/research/determine-sample-size/fields/fieldhelpers.html]
[www.qualtrics.com/uk/experience-management/research/jquery.html]
[www.qualtrics.com/uk/experience-management/research/determine-sample-size/fieldhelpers.html]
[www.qualtrics.com/uk/experience-management/research/determine-sample-size/measure.html]
[www.qualtrics.com/uk/experience-management/research/determine-sample-size/yepnope.html]
[www.qualtrics.com/uk/experience-management/research/determine-sample-size/modernizr.html]
[www.qualtrics.com/uk/experience-management/research/determine-sample-size/ABCDEFGHIJKLMNOPQRSTUVWXYZabcdefghijklmnopqrstuvwxyz0123456789+/index.html]
[www.qualtrics.com/uk/experience-management/research/determine-sample-size/ABCDEFGHIJKLMNOPQRSTUVWXYZabcdefghijklmnopqrstuvwxyz0123456789+/index.html]
